// Jest Snapshot v1, https://goo.gl/fbAQLP

exports[`basic column stats and bin count 1`] = `
Object {
  "approxUnique": 23,
  "count": 23,
  "max": 419661,
  "min": 104260,
  "pctNull": 0,
  "statsType": "numeric",
}
`;

exports[`histogram query for column 1`] = `
Object {
  "binCount": 7,
  "binData": Array [
    7,
    3,
    6,
    1,
    4,
    0,
    2,
  ],
  "binWidth": 50000,
  "colId": "TCOE",
  "niceMaxVal": 450000,
  "niceMinVal": 100000,
}
`;
